[prodevinfotech.com/index.html]
[backblue.gif]
[fade.gif]
[index.html]
[prodevinfotech.com/images/favicon/favicon-32x32.png]
[prodevinfotech.com/images/favicon-96x96.png]
[prodevinfotech.com/images/favicon-16x16.png]
[prodevinfotech.com/manifest.json]
[prodevinfotech.com/ms-icon-144x144.png]
[prodevinfotech.com/css/bootstrap.min.css]
[prodevinfotech.com/css/slick.css]
[prodevinfotech.com/css/slick-theme.css]
[cdnjs.cloudflare.com/ajax/libs/magnific-popup.js/1.1.0/magnific-popup.min.css]
[prodevinfotech.com/css/style.css]
[prodevinfotech.com/index-2.html]
[prodevinfotech.com/images/logo.png]
[prodevinfotech.com/aboutus.html]
[prodevinfotech.com/app-development.html]
[prodevinfotech.com/web-development.html]
[prodevinfotech.com/uiux-design.html]
[prodevinfotech.com/support.html]
[prodevinfotech.com/QA-Testing.html]
[prodevinfotech.com/career.html]
[prodevinfotech.com/contact-us.html]
[prodevinfotech.com/prodev-imgs/1.png]
[prodevinfotech.com/images/hero-img.svg]
[prodevinfotech.com/prodev-imgs/2.png]
[prodevinfotech.com/prodev-imgs/3.png]
[prodevinfotech.com/prodev-imgs/4.png]
[prodevinfotech.com/prodev-imgs/5.png]
[prodevinfotech.com/images/apple.png]
[prodevinfotech.com/images/android.png]
[prodevinfotech.com/images/flutter.png]
[prodevinfotech.com/images/atom.png]
[prodevinfotech.com/images/ReactJS.png]
[prodevinfotech.com/images/Angular.png]
[prodevinfotech.com/images/VueJS.png]
[prodevinfotech.com/images/JavaScript.png]
[prodevinfotech.com/images/HTML5.png]
[prodevinfotech.com/images/MicrosoftSQL.png]
[prodevinfotech.com/images/MySQL.png]
[prodevinfotech.com/images/ORACLE.png]
[prodevinfotech.com/images/PostgreSQL.png]
[prodevinfotech.com/images/MongoDB.png]
[prodevinfotech.com/images/AzureSQL.png]
[prodevinfotech.com/images/AmazonRDS.png]
[prodevinfotech.com/images/AmazonS3.png]
[prodevinfotech.com/images/SQLGoogle.png]
[prodevinfotech.com/images/NodeJS.png]
[prodevinfotech.com/images/Codelgniter.png]
[prodevinfotech.com/images/PHP.png]
[prodevinfotech.com/images/Laravel.png]
[prodevinfotech.com/images/Figma.png]
[prodevinfotech.com/images/XD.png]
[prodevinfotech.com/images/Illustrator.png]
[prodevinfotech.com/images/Photoshop.png]
[prodevinfotech.com/images/meeting.svg]
[prodevinfotech.com/images/lamp.svg]
[prodevinfotech.com/images/coding.svg]
[prodevinfotech.com/images/rocket.svg]
[prodevinfotech.com/images/Atlas.png]
[prodevinfotech.com/images/appstore.svg]
[prodevinfotech.com/images/SettleTheScore.png]
[prodevinfotech.com/images/playstore.svg]
[prodevinfotech.com/images/Spotafriend.png]
[prodevinfotech.com/images/TheChefz.png]
[prodevinfotech.com/images/Yodel-Ranger.png]
[prodevinfotech.com/images/Loople.png]
[prodevinfotech.com/images/upwork-badge.svg]
[prodevinfotech.com/images/video-1.png]
[prodevinfotech.com/images/play-btn.svg]
[prodevinfotech.com/images/video-2.png]
[prodevinfotech.com/images/video-3.png]
[prodevinfotech.com/images/video-4.png]
[prodevinfotech.com/images/Travel.svg]
[prodevinfotech.com/images/Banking-Finance.svg]
[prodevinfotech.com/images/media.svg]
[prodevinfotech.com/images/fitness.svg]
[prodevinfotech.com/images/health-care.svg]
[prodevinfotech.com/images/hotel.svg]
[prodevinfotech.com/images/Sport.svg]
[prodevinfotech.com/images/e-commerce.svg]
[prodevinfotech.com/images/Real-Estate.svg]
[prodevinfotech.com/images/Education.svg]
[prodevinfotech.com/images/White-logo.svg]
[prodevinfotech.com/images/phone-ico.svg]
[prodevinfotech.com/images/web-ico.svg]
[prodevinfotech.com/images/email-ico.svg]
[prodevinfotech.com/images/location-ico.svg]
[code.jquery.com/jquery-3.3.1.min.js]
[prodevinfotech.com/index.html]
[prodevinfotech.com/images/favicon-96x96.html]
[prodevinfotech.com/images/favicon-16x16.html]
[prodevinfotech.com/manifest.html]
[prodevinfotech.com/ms-icon-144x144.html]
[prodevinfotech.com/css/bootstrap.min.css]
[prodevinfotech.com/css/slick.css]
[cdnjs.cloudflare.com/ajax/libs/magnific-popup.js/1.1.0/jquery.magnific-popup.min.js]
[prodevinfotech.com/css/ajax-loader.5a.delayed]
[prodevinfotech.com/css/fonts/slick.eot]
[prodevinfotech.com/css/fonts/slickd41d.eot]
[prodevinfotech.com/css/fonts/slick.woff]
[prodevinfotech.com/css/fonts/slick.ttf]
[prodevinfotech.com/css/fonts/slick.svg]
[prodevinfotech.com/css/slick-theme.css]
[cdnjs.cloudflare.com/ajax/libs/magnific-popup.js/1.1.0/magnific-popup.min.css]
[prodevinfotech.com/images/arrow.svg]
[prodevinfotech.com/images/arrow-active.svg]
[prodevinfotech.com/images/double-small-right-arrow.svg]
[prodevinfotech.com/images/star.svg]
[prodevinfotech.com/images/work-bg.svg]
[prodevinfotech.com/images/pattern-1.png]
[prodevinfotech.com/images/pattern-2.png]
[prodevinfotech.com/images/white-pattern-1.png]
[prodevinfotech.com/images/white-pattern-2.png]
[prodevinfotech.com/images/news-letter-img.svg]
[prodevinfotech.com/images/phone-call.svg]
[prodevinfotech.com/images/email.svg]
[prodevinfotech.com/images/skype.svg]
[prodevinfotech.com/images/marker.svg]
[prodevinfotech.com/css/style.css]
[prodevinfotech.com/index-2.html]
[prodevinfotech.com/images/white-arrow.svg]
[prodevinfotech.com/images/Integrity.svg]
[prodevinfotech.com/images/Quality.svg]
[prodevinfotech.com/images/Responsibility.svg]
[prodevinfotech.com/images/ServiceMatters.svg]
[prodevinfotech.com/images/Technology.svg]
[prodevinfotech.com/images/Teamwork.svg]
[prodevinfotech.com/images/Keepsimple.svg]
[prodevinfotech.com/images/Passion.svg]
[prodevinfotech.com/aboutus.html]
[prodevinfotech.com/images/IOS-development.svg]
[prodevinfotech.com/images/mobile-app-development.svg]
[prodevinfotech.com/images/android-development.svg]
[prodevinfotech.com/images/flutter-development.svg]
[prodevinfotech.com/images/react-development.svg]
[prodevinfotech.com/app-development.html]
[prodevinfotech.com/images/project-view.svg]
[prodevinfotech.com/images/website-development.svg]
[prodevinfotech.com/images/wordpress_development.svg]
[prodevinfotech.com/images/php_development.svg]
[prodevinfotech.com/images/laravel_development.svg]
[prodevinfotech.com/images/codelgniter_development.svg]
[prodevinfotech.com/web-development.html]
[prodevinfotech.com/images/magento_development.svg]
[prodevinfotech.com/images/ui-ux-design.svg]
[prodevinfotech.com/images/figma.svg]
[prodevinfotech.com/images/illustrator.svg]
[prodevinfotech.com/images/photoshop.svg]
[prodevinfotech.com/uiux-design.html]
[prodevinfotech.com/images/xd.svg]
[prodevinfotech.com/images/support-maintenance.svg]
[prodevinfotech.com/images/Stability.svg]
[prodevinfotech.com/images/user-experience.svg]
[prodevinfotech.com/images/os-version.svg]
[prodevinfotech.com/support.html]
[prodevinfotech.com/images/security.svg]
[prodevinfotech.com/services]
[prodevinfotech.com/images/QA-Testing-main.svg]
[prodevinfotech.com/images/security-testing.svg]
[prodevinfotech.com/images/mobileapp-testing.svg]
[prodevinfotech.com/images/API-testing.svg]
[prodevinfotech.com/QA-Testing.html]
[prodevinfotech.com/images/automation-testing.svg]
[prodevinfotech.com/images/vacant.svg]
[prodevinfotech.com/ios-career-deatils.html]
[prodevinfotech.com/android-career-deatils.html]
[prodevinfotech.com/bde-career-deatils.html]
[prodevinfotech.com/prodev-imgs/8.png]
[prodevinfotech.com/prodev-imgs/cropped_centered.png]
[prodevinfotech.com/prodev-imgs/16.png]
[prodevinfotech.com/images/working.svg]
[prodevinfotech.com/images/timeing.svg]
[prodevinfotech.com/images/target.svg]
[prodevinfotech.com/images/training.svg]
[prodevinfotech.com/images/growth.svg]
[prodevinfotech.com/images/celebration.svg]
[prodevinfotech.com/career.html]
[cdnjs.cloudflare.com/ajax/libs/font-awesome/6.5.2/css/all.min.css]
[prodevinfotech.com/contact.html]
[prodevinfotech.com/contact-us.html]
[prodevinfotech.com/images/hero-img.svg]
[prodevinfotech.com/images/meeting.svg]
[prodevinfotech.com/images/lamp.svg]
[prodevinfotech.com/images/coding.svg]
[prodevinfotech.com/images/rocket.svg]
[prodevinfotech.com/images/appstore.svg]
[prodevinfotech.com/images/playstore.svg]
[prodevinfotech.com/images/upwork-badge.svg]
[prodevinfotech.com/images/play-btn.svg]
[prodevinfotech.com/images/Travel.svg]
[prodevinfotech.com/images/Banking-Finance.svg]
[prodevinfotech.com/images/media.svg]
[prodevinfotech.com/images/fitness.svg]
[prodevinfotech.com/images/health-care.svg]
[prodevinfotech.com/images/hotel.svg]
[prodevinfotech.com/images/Sport.svg]
[prodevinfotech.com/images/e-commerce.svg]
[prodevinfotech.com/images/Real-Estate.svg]
[prodevinfotech.com/images/Education.svg]
[prodevinfotech.com/images/White-logo.svg]
[prodevinfotech.com/images/phone-ico.svg]
[prodevinfotech.com/images/web-ico.svg]
[prodevinfotech.com/images/email-ico.svg]
[prodevinfotech.com/images/location-ico.svg]
[prodevinfotech.com/css/ajax-loader.html]
[prodevinfotech.com/css/fonts/slick.html]
[prodevinfotech.com/css/fonts/slickd41d.html]
[prodevinfotech.com/css/fonts/slick-2.html]
[prodevinfotech.com/css/fonts/slick-3.html]
[prodevinfotech.com/css/fonts/slick-4.html]
[prodevinfotech.com/images/arrow.svg]
[prodevinfotech.com/images/arrow-active.svg]
[prodevinfotech.com/images/double-small-right-arrow.svg]
[prodevinfotech.com/images/star.svg]
[prodevinfotech.com/images/work-bg.svg]
[prodevinfotech.com/images/pattern-1.html]
[prodevinfotech.com/images/pattern-2.html]
[prodevinfotech.com/images/news-letter-img.svg]
[prodevinfotech.com/images/phone-call.svg]
[prodevinfotech.com/images/email.svg]
[prodevinfotech.com/images/skype.svg]
[prodevinfotech.com/images/marker.svg]
[prodevinfotech.com/images/white-arrow.svg]
[prodevinfotech.com/images/Integrity.svg]
[prodevinfotech.com/images/Quality.svg]
[prodevinfotech.com/images/Responsibility.svg]
[prodevinfotech.com/images/ServiceMatters.svg]
[prodevinfotech.com/images/Technology.svg]
[prodevinfotech.com/images/Teamwork.svg]
[prodevinfotech.com/images/Keepsimple.svg]
[prodevinfotech.com/images/Passion.svg]
[prodevinfotech.com/images/mobile-app-development.svg]
[prodevinfotech.com/images/IOS-development.svg]
[prodevinfotech.com/images/android-development.svg]
[prodevinfotech.com/images/flutter-development.svg]
[prodevinfotech.com/images/react-development.svg]
[prodevinfotech.com/images/project-view.svg]
[prodevinfotech.com/images/website-development.svg]
[prodevinfotech.com/images/wordpress_development.svg]
[prodevinfotech.com/images/php_development.svg]
[prodevinfotech.com/images/laravel_development.svg]
[prodevinfotech.com/images/codelgniter_development.svg]
[prodevinfotech.com/images/magento_development.svg]
[prodevinfotech.com/images/ui-ux-design.svg]
[prodevinfotech.com/images/figma.svg]
[prodevinfotech.com/images/illustrator.svg]
[prodevinfotech.com/images/photoshop.svg]
[prodevinfotech.com/images/xd.svg]
[prodevinfotech.com/images/support-maintenance.svg]
[prodevinfotech.com/images/Stability.svg]
[prodevinfotech.com/images/user-experience.svg]
[prodevinfotech.com/images/os-version.svg]
[prodevinfotech.com/images/security.svg]
[prodevinfotech.com/services.html]
[prodevinfotech.com/images/QA-Testing-main.svg]
[prodevinfotech.com/images/security-testing.svg]
[prodevinfotech.com/images/mobileapp-testing.svg]
[prodevinfotech.com/images/API-testing.svg]
[prodevinfotech.com/images/automation-testing.svg]
[prodevinfotech.com/images/vacant.svg]
[prodevinfotech.com/ios-career-deatils.html]
[prodevinfotech.com/android-career-deatils.html]
[prodevinfotech.com/bde-career-deatils.html]
[prodevinfotech.com/images/working.svg]
[prodevinfotech.com/images/timeing.svg]
[prodevinfotech.com/images/target.svg]
[prodevinfotech.com/images/training.svg]
[prodevinfotech.com/images/growth.svg]
[prodevinfotech.com/images/celebration.svg]
[cdnjs.cloudflare.com/ajax/libs/font-awesome/6.5.2/css/all.min.css]
[prodevinfotech.com/contact.html]
[contra.com/static/embed/sdk.js]
[prodevinfotech.com/js/slick.min.js]
[prodevinfotech.com/js/slick.min.js]
[prodevinfotech.com/js/bootstrap.bundle.min.js]
[prodevinfotech.com/js/bootstrap.bundle.min.js]
